Log file created at: 2026/06/22 14:03:35
Running on machine: ranweideMac-mini
Binary: Built with gc go1.26.3 for darwin/arm64
Previous log: <none>
Log line format: [yyyy-mm-dd hh:mm:ss.uuuuuu][IWEF][threadid][file function:line] msg
[2026-06-22 14:03:35.927211][I][  48338][main.go main:80] Starting SearGoconfigconfigs/settings.ymlport8080
[2026-06-22 14:03:35.933323][I][  48338][main.go loadEngineTraits:65] Loaded engine traitsengines45
[2026-06-22 14:03:35.933372][I][  48338][main.go main:161] Engines loadedcategories2shortcuts6
[2026-06-22 14:03:35.943823][I][  48338][scheduler.go NewScheduler:116] Engine registeredenginegoogle
[2026-06-22 14:03:35.943883][I][  48338][scheduler.go NewScheduler:116] Engine registeredenginebing
[2026-06-22 14:03:35.943888][I][  48338][scheduler.go NewScheduler:116] Engine registeredengineduckduckgo
[2026-06-22 14:03:35.943890][I][  48338][scheduler.go NewScheduler:116] Engine registeredenginebrave
[2026-06-22 14:03:35.943893][I][  48338][scheduler.go NewScheduler:116] Engine registeredenginewikipedia
[2026-06-22 14:03:35.943894][I][  48338][scheduler.go NewScheduler:116] Engine registeredengineyahoo
[2026-06-22 14:03:37.197289][I][  48338][request_logger.go func4:24] http_requestrequest_id8b415b50-5c6f-498c-ab6d-6267fd679274methodGETpath/status200duration_ms2client_ip::1user_agentcurl/8.7.1
[2026-06-22 14:03:37.206371][I][  48338][request_logger.go func4:24] http_requestrequest_id1f77133a-7419-42eb-a427-57606f90dd51methodGETpath/settingsstatus200duration_ms0client_ip::1user_agentcurl/8.7.1
[2026-06-22 14:03:37.214020][I][  48338][request_logger.go func4:24] http_requestrequest_id99e7a58e-f89e-4a2c-9ad9-13f861263164methodGETpath/searxng.pngstatus200duration_ms0client_ip::1user_agentcurl/8.7.1
[2026-06-22 14:03:37.221324][I][  48338][request_logger.go func4:24] http_requestrequest_id56b102c2-4794-41cb-8a73-6794bcef70cdmethodGETpath/api/configstatus200duration_ms0client_ip::1user_agentcurl/8.7.1
[2026-06-22 14:03:37.228022][I][  48338][request_logger.go func4:24] http_requestrequest_id1a857ec5-4c3c-49ff-8ca3-72d2f573d054methodGETpath/api/configstatus200duration_ms0client_ip::1user_agentcurl/8.7.1
[2026-06-22 14:03:53.176498][I][  48338][main.go main:269] Shutting down server...
[2026-06-22 14:03:53.176967][E][  48338][main.go func1:263] Server failed to starterrorhttp: Server closed
[2026-06-22 14:03:53.177017][I][  48338][main.go main:278] Server exited
