Log file created at: 2026/06/22 14:03:57
Running on machine: ranweideMac-mini
Binary: Built with gc go1.26.3 for darwin/arm64
Previous log: <none>
Log line format: [yyyy-mm-dd hh:mm:ss.uuuuuu][IWEF][threadid][file function:line] msg
[2026-06-22 14:03:57.389265][I][  48405][main.go main:80] Starting SearGoconfigconfigs/settings.ymlport8080
[2026-06-22 14:03:57.393802][I][  48405][main.go loadEngineTraits:65] Loaded engine traitsengines45
[2026-06-22 14:03:57.393831][I][  48405][main.go main:161] Engines loadedcategories2shortcuts6
[2026-06-22 14:03:57.401501][I][  48405][scheduler.go NewScheduler:116] Engine registeredenginegoogle
[2026-06-22 14:03:57.401511][I][  48405][scheduler.go NewScheduler:116] Engine registeredenginebing
[2026-06-22 14:03:57.401513][I][  48405][scheduler.go NewScheduler:116] Engine registeredengineduckduckgo
[2026-06-22 14:03:57.401514][I][  48405][scheduler.go NewScheduler:116] Engine registeredenginebrave
[2026-06-22 14:03:57.401516][I][  48405][scheduler.go NewScheduler:116] Engine registeredenginewikipedia
[2026-06-22 14:03:57.401518][I][  48405][scheduler.go NewScheduler:116] Engine registeredengineyahoo
[2026-06-22 14:04:03.333378][I][  48405][request_logger.go func4:24] http_requestrequest_id53f15c78-ea9d-4416-88f7-f898655c8ebamethodGETpath/status200duration_ms1client_ip::1user_agentcurl/8.7.1
[2026-06-22 14:04:03.343175][I][  48405][request_logger.go func4:24] http_requestrequest_id85bad6ba-283a-4d56-863a-b9d5a72fe291methodGETpath/settingsstatus200duration_ms0client_ip::1user_agentcurl/8.7.1
[2026-06-22 14:04:03.351110][I][  48405][request_logger.go func4:24] http_requestrequest_id2d48dd10-d49f-4ee1-84f0-bccd2301016emethodGETpath/statsstatus200duration_ms0client_ip::1user_agentcurl/8.7.1
[2026-06-22 14:04:03.358399][I][  48405][request_logger.go func4:24] http_requestrequest_id695f9ed5-e51c-4abe-87dc-f3a051842dffmethodGETpath/aboutstatus200duration_ms0client_ip::1user_agentcurl/8.7.1
[2026-06-22 14:04:03.365094][I][  48405][request_logger.go func4:24] http_requestrequest_id1ed4ee3f-eadb-41a6-ae30-afd26599575cmethodGETpath/searxng.pngstatus200duration_ms0client_ip::1user_agentcurl/8.7.1
[2026-06-22 14:04:03.371649][I][  48405][request_logger.go func4:24] http_requestrequest_id68a60c20-c320-4f4d-b432-830b802b9d83methodGETpath/api/configstatus200duration_ms0client_ip::1user_agentcurl/8.7.1
[2026-06-22 14:04:07.270835][I][  48405][request_logger.go func4:24] http_requestrequest_idbd56896b-f7a1-447c-b80c-a5760534dc57methodGETpath/api/configstatus200duration_ms0client_ip::1user_agentcurl/8.7.1
[2026-06-22 14:04:07.298191][I][  48405][request_logger.go func4:24] http_requestrequest_id85f4cee2-0b9f-46d4-a137-fd13e32820b4methodGETpath/api/configstatus200duration_ms0client_ip::1user_agentcurl/8.7.1
[2026-06-22 14:04:09.898348][I][  48405][request_logger.go func4:24] http_requestrequest_id04aedef3-b736-4e50-bcb6-54fee341b19cmethodGETpath/settingsstatus200duration_ms0client_ip::1user_agentcurl/8.7.1
[2026-06-22 14:04:09.907196][I][  48405][request_logger.go func4:24] http_requestrequest_idc622afe5-f9f2-46fd-bd93-c97970350debmethodGETpath/status200duration_ms0client_ip::1user_agentcurl/8.7.1
